
> jewelone-nextjs@0.1.0 build
> next build

node.exe : 
[baseline-browser-mapping] 
The data in this module is 
over two months old.  To 
ensure accurate Baseline 
data, please update: `npm i b
aseline-browser-mapping@lates
t -D`
At C:\Program 
Files\nodejs\npm.ps1:29 
char:3
+   & $NODE_EXE $NPM_CLI_JS 
$args
+   
~~~~~~~~~~~~~~~~~~~~~~~~~~~~~
    + CategoryInfo           
   : NotSpecified: ([baseli  
  ne-brows...ping@latest -   
 D`:String) [], RemoteExc    
eption
    + FullyQualifiedErrorId  
   : NativeCommandError
 
   Γû▓ Next.js 16.0.10 (Turbopack)
   - Environments: .env

   Creating an optimized production build ...
[baseline-browser-mapping] 
The data in this module is 
over two months old.  To 
ensure accurate Baseline 
data, please update: `npm i b
aseline-browser-mapping@lates
t -D`
 Γ£ô Compiled successfully in 24.8s
   Running TypeScript ...
   Collecting page data using 7 workers ...
[baseline-browser-mapping] 
The data in this module is 
over two months old.  To 
ensure accurate Baseline 
data, please update: `npm i b
aseline-browser-mapping@lates
t -D`
[baseline-browser-mapping] 
The data in this module is 
over two months old.  To 
ensure accurate Baseline 
data, please update: `npm i b
aseline-browser-mapping@lates
t -D`
[baseline-browser-mapping] 
The data in this module is 
over two months old.  To 
ensure accurate Baseline 
data, please update: `npm i b
aseline-browser-mapping@lates
t -D`
[baseline-browser-mapping] 
The data in this module is 
over two months old.  To 
ensure accurate Baseline 
data, please update: `npm i b
aseline-browser-mapping@lates
t -D`
[baseline-browser-mapping] 
The data in this module is 
over two months old.  To 
ensure accurate Baseline 
data, please update: `npm i b
aseline-browser-mapping@lates
t -D`
[baseline-browser-mapping] 
The data in this module is 
over two months old.  To 
ensure accurate Baseline 
data, please update: `npm i b
aseline-browser-mapping@lates
t -D`
[baseline-browser-mapping] 
The data in this module is 
over two months old.  To 
ensure accurate Baseline 
data, please update: `npm i b
aseline-browser-mapping@lates
t -D`
   Generating static pages using 7 workers (0/39) ...
[baseline-browser-mapping] 
The data in this module is 
over two months old.  To 
ensure accurate Baseline 
data, please update: `npm i b
aseline-browser-mapping@lates
t -D`
[baseline-browser-mapping] 
The data in this module is 
over two months old.  To 
ensure accurate Baseline 
data, please update: `npm i b
aseline-browser-mapping@lates
t -D`
[
  {
    id: '1-12-24',
    title: 'Product 1',
    slug: '/product/1-12-24',
    description: 'Description for Product 1-12-24',
    imagesCount: 7,
    jewelType: 'Gold Jewelery',
    customization: 'Yes',
    netWeight: '10g',
    grossWeight: '12g',
    purity: '22K'
  },
  {
    id: '3-12-24',
    title: 'Product 2',
    slug: '/product/3-12-24',
    description: 'Description for Product 3-12-24',
    imagesCount: 6,
    jewelType: 'Gold Jewelery',
    customization: 'Yes',
    netWeight: '10g',
    grossWeight: '12g',
    purity: '22K'
  },
  {
    id: '4-12-24',
    title: 'Product 3',
    slug: '/product/4-12-24',
    description: 'Description for Product 4-12-24',
    imagesCount: 4,
    jewelType: 'Gold Jewelery',
    customization: 'Yes',
    netWeight: '10g',
    grossWeight: '12g',
    purity: '22K'
  },
  {
    id: '5-11-24',
    title: 'Product 4',
    slug: '/product/5-11-24',
    description: 'Description for Product 5-11-24',
    imagesCount: 15,
    jewelType: 'Gold Jewelery',
    customization: 'Yes',
    netWeight: '10g',
    grossWeight: '12g',
    purity: '22K'
  },
  {
    id: '6-11-24',
    title: 'Product 5',
    slug: '/product/6-11-24',
    description: 'Description for Product 6-11-24',
    imagesCount: 1,
    jewelType: 'Gold Jewelery',
    customization: 'Yes',
    netWeight: '10g',
    grossWeight: '12g',
    purity: '22K'
  },
  {
    id: '7-11-24',
    title: 'Product 6',
    slug: '/product/7-11-24',
    description: 'Description for Product 7-11-24',
    imagesCount: 2,
    jewelType: 'Gold Jewelery',
    customization: 'Yes',
    netWeight: '10g',
    grossWeight: '12g',
    purity: '22K'
  },
  {
    id: '7-12-24',
    title: 'Product 7',
    slug: '/product/7-12-24',
    description: 'Description for Product 7-12-24',
    imagesCount: 8,
    jewelType: 'Gold Jewelery',
    customization: 'Yes',
    netWeight: '10g',
    grossWeight: '12g',
    purity: '22K'
  },
  {
    id: '8-11-24',
    title: 'Product 8',
    slug: '/product/8-11-24',
    description: 'Description for Product 8-11-24',
    imagesCount: 5,
    jewelType: 'Gold Jewelery',
    customization: 'Yes',
    netWeight: '10g',
    grossWeight: '12g',
    purity: '22K'
  },
  {
    id: '9-12-24',
    title: 'Product 9',
    slug: '/product/9-12-24',
    description: 'Description for Product 9-12-24',
    imagesCount: 7,
    jewelType: 'Gold Jewelery',
    customization: 'Yes',
    netWeight: '10g',
    grossWeight: '12g',
    purity: '22K'
  },
  {
    id: '10-12-24',
    title: 'Product 10',
    slug: '/product/10-12-24',
    description: 'Description for Product 10-12-24',
    imagesCount: 6,
    jewelType: 'Gold Jewelery',
    customization: 'Yes',
    netWeight: '10g',
    grossWeight: '12g',
    purity: '22K'
  },
  {
    id: '11-11-24',
    title: 'Product 11',
    slug: '/product/11-11-24',
    description: 'Description for Product 11-11-24',
    imagesCount: 9,
    jewelType: 'Gold Jewelery',
    customization: 'Yes',
    netWeight: '10g',
    grossWeight: '12g',
    purity: '22K'
  },
  {
    id: '12-11-24',
    title: 'Product 12',
    slug: '/product/12-11-24',
    description: 'Description for Product 12-11-24',
    imagesCount: 1,
    jewelType: 'Gold Jewelery',
    customization: 'Yes',
    netWeight: '10g',
    grossWeight: '12g',
    purity: '22K'
  },
  {
    id: '15-11-24',
    title: 'Product 15-11-24',
    slug: '/product/15-11-24',
    description: 'Description for Product 15-11-24',
    imagesCount: 1,
    jewelType: 'Gold Jewelery',
    customization: 'Yes',
    netWeight: '10g',
    grossWeight: '12g',
    purity: '22K'
  },
  {
    id: '16-11-24',
    title: 'Product 16-11-24',
    slug: '/product/16-11-24',
    description: 'Description for Product 16-11-24',
    imagesCount: 1,
    jewelType: 'Gold Jewelery',
    customization: 'Yes',
    netWeight: '10g',
    grossWeight: '12g',
    purity: '22K'
  },
  {
    id: '17-11-24',
    title: 'Product 17-11-24',
    slug: '/product/17-11-24',
    description: 'Description for Product 17-11-24',
    imagesCount: 1,
    jewelType: 'Gold Jewelery',
    customization: 'Yes',
    netWeight: '10g',
    grossWeight: '12g',
    purity: '22K'
  },
  {
    id: '19-11-24',
    title: 'Product 19-11-24',
    slug: '/product/19-11-24',
    description: 'Description for Product 19-11-24',
    imagesCount: 1,
    jewelType: 'Gold Jewelery',
    customization: 'Yes',
    netWeight: '10g',
    grossWeight: '12g',
    purity: '22K'
  },
  {
    id: '21-11-24',
    title: 'Product 21-11-24',
    slug: '/product/21-11-24',
    description: 'Description for Product 21-11-24',
    imagesCount: 1,
    jewelType: 'Gold Jewelery',
    customization: 'Yes',
    netWeight: '10g',
    grossWeight: '12g',
    purity: '22K'
  },
  {
    id: '25-11-24',
    title: 'Product 25-11-24',
    slug: '/product/25-11-24',
    description: 'Description for Product 25-11-24',
    imagesCount: 1,
    jewelType: 'Gold Jewelery',
    customization: 'Yes',
    netWeight: '10g',
    grossWeight: '12g',
    purity: '22K'
  },
  {
    id: '27-11-24',
    title: 'Product 27-11-24',
    slug: '/product/27-11-24',
    description: 'Description for Product 27-11-24',
    imagesCount: 1,
    jewelType: 'Gold Jewelery',
    customization: 'Yes',
    netWeight: '10g',
    grossWeight: '12g',
    purity: '22K'
  }
] products
   Generating static pages using 7 workers (9/39) 
   Generating static pages using 7 workers (19/39) 
   Generating static pages using 7 workers (29/39) 
 Γ£ô Generating static pages using 7 workers (39/39) in 6.5s
   Finalizing page optimization ...

> Build error occurred
Error: ENOENT: no such file 
or directory, open 'C:\Users\
Soundar\Downloads\jewelone-ne
xtjs\jewelone-nextjs\.next\se
rver\middleware.js.nft.json'
    at ignore-listed frames {
  errno: -4058,
  code: 'ENOENT',
  syscall: 'open',
  path: 'C:\\Users\\Soundar\\
Downloads\\jewelone-nextjs\\j
ewelone-nextjs\\.next\\server
\\middleware.js.nft.json'
}
